// Jest Snapshot v1, https://goo.gl/fbAQLP

exports[`Integration::reset password (in 6 digit code flow) should return error when csrf not present 1`] = `
Object {
  "contentId": undefined,
  "taxonomyLevel1": undefined,
  "taxonomyLevel2": undefined,
}
`;

exports[`Integration::reset password (in 6 digit code flow) should return error when new password is the same as existing password 1`] = `
Object {
  "contentId": "c8520c6c-9f09-4edf-8c99-7123a3991cfc",
  "taxonomyLevel1": "authentication",
  "taxonomyLevel2": "account recovery",
}
`;

exports[`Integration::reset password (in 6 digit code flow) should return reset password page when someone has a reset password intervention 1`] = `
Object {
  "contentId": "c8520c6c-9f09-4edf-8c99-7123a3991cfc",
  "taxonomyLevel1": "authentication",
  "taxonomyLevel2": "account recovery",
}
`;

exports[`Integration::reset password (in 6 digit code flow) should return reset password page when there are no interventions on a user 1`] = `
Object {
  "contentId": "c8520c6c-9f09-4edf-8c99-7123a3991cfc",
  "taxonomyLevel1": "authentication",
  "taxonomyLevel2": "account recovery",
}
`;

exports[`Integration::reset password (in 6 digit code flow) should return validation error when no numbers present in password 1`] = `
Object {
  "contentId": "c8520c6c-9f09-4edf-8c99-7123a3991cfc",
  "taxonomyLevel1": "authentication",
  "taxonomyLevel2": "account recovery",
}
`;

exports[`Integration::reset password (in 6 digit code flow) should return validation error when password all numeric 1`] = `
Object {
  "contentId": "c8520c6c-9f09-4edf-8c99-7123a3991cfc",
  "taxonomyLevel1": "authentication",
  "taxonomyLevel2": "account recovery",
}
`;

exports[`Integration::reset password (in 6 digit code flow) should return validation error when password is amongst most common passwords 1`] = `
Object {
  "contentId": "c8520c6c-9f09-4edf-8c99-7123a3991cfc",
  "taxonomyLevel1": "authentication",
  "taxonomyLevel2": "account recovery",
}
`;

exports[`Integration::reset password (in 6 digit code flow) should return validation error when password less than 8 characters 1`] = `
Object {
  "contentId": "c8520c6c-9f09-4edf-8c99-7123a3991cfc",
  "taxonomyLevel1": "authentication",
  "taxonomyLevel2": "account recovery",
}
`;

exports[`Integration::reset password (in 6 digit code flow) should return validation error when password not entered 1`] = `
Object {
  "contentId": "c8520c6c-9f09-4edf-8c99-7123a3991cfc",
  "taxonomyLevel1": "authentication",
  "taxonomyLevel2": "account recovery",
}
`;

exports[`Integration::reset password (in 6 digit code flow) should return validation error when passwords don't match 1`] = `
Object {
  "contentId": "c8520c6c-9f09-4edf-8c99-7123a3991cfc",
  "taxonomyLevel1": "authentication",
  "taxonomyLevel2": "account recovery",
}
`;
