// Jest Snapshot v1, https://goo.gl/fbAQLP

exports[`Integration::2fa auth app (in reset password flow) should return updated check auth app page 1`] = `
Object {
  "taxonomyLevel1": "authentication",
  "taxonomyLevel2": undefined,
}
`;
