// Jest Snapshot v1, https://goo.gl/fbAQLP

exports[`Integration::enter password should return enter password page with sign in taxonomy 1`] = `
Object {
  "contentId": "6b9f2243-d217-4c55-8ef3-7ac24b1f77e2",
  "taxonomyLevel1": "authentication",
  "taxonomyLevel2": "sign in",
}
`;

exports[`Integration::enter password should return error when csrf not present 1`] = `
Object {
  "contentId": undefined,
  "taxonomyLevel1": undefined,
  "taxonomyLevel2": undefined,
}
`;

exports[`Integration::enter password should return validation error when password is incorrect 1`] = `
Object {
  "contentId": "6b9f2243-d217-4c55-8ef3-7ac24b1f77e2",
  "taxonomyLevel1": "authentication",
  "taxonomyLevel2": "sign in",
}
`;

exports[`Integration::enter password should return validation error when password not entered 1`] = `
Object {
  "contentId": "6b9f2243-d217-4c55-8ef3-7ac24b1f77e2",
  "taxonomyLevel1": "authentication",
  "taxonomyLevel2": "sign in",
}
`;
