// Jest Snapshot v1, https://goo.gl/fbAQLP

exports[`Integration:: landing should redirect to /sign-in-or-create 1`] = `
Object {
  "contentId": "",
  "taxonomyLevel1": "authentication",
  "taxonomyLevel2": "",
  "taxonomyLevel3": "",
  "taxonomyLevel4": "",
  "taxonomyLevel5": "",
}
`;
