// Jest Snapshot v1, https://goo.gl/fbAQLP

exports[`Integration::register create password should return create password page 1`] = `
Object {
  "contentId": "8c0cc624-2e97-471d-ad36-6b695f9a038d",
  "taxonomyLevel1": "authentication",
  "taxonomyLevel2": "create account",
}
`;

exports[`Integration::register create password should return error when csrf not present 1`] = `
Object {
  "contentId": undefined,
  "taxonomyLevel1": undefined,
  "taxonomyLevel2": undefined,
}
`;

exports[`Integration::register create password should return validation error when no numbers present in password 1`] = `
Object {
  "contentId": "8c0cc624-2e97-471d-ad36-6b695f9a038d",
  "taxonomyLevel1": "authentication",
  "taxonomyLevel2": "create account",
}
`;

exports[`Integration::register create password should return validation error when password all numeric 1`] = `
Object {
  "contentId": "8c0cc624-2e97-471d-ad36-6b695f9a038d",
  "taxonomyLevel1": "authentication",
  "taxonomyLevel2": "create account",
}
`;

exports[`Integration::register create password should return validation error when password is amongst most common passwords 1`] = `
Object {
  "contentId": "8c0cc624-2e97-471d-ad36-6b695f9a038d",
  "taxonomyLevel1": "authentication",
  "taxonomyLevel2": "create account",
}
`;

exports[`Integration::register create password should return validation error when password less than 8 characters 1`] = `
Object {
  "contentId": "8c0cc624-2e97-471d-ad36-6b695f9a038d",
  "taxonomyLevel1": "authentication",
  "taxonomyLevel2": "create account",
}
`;

exports[`Integration::register create password should return validation error when password not entered 1`] = `
Object {
  "contentId": "8c0cc624-2e97-471d-ad36-6b695f9a038d",
  "taxonomyLevel1": "authentication",
  "taxonomyLevel2": "create account",
}
`;

exports[`Integration::register create password should return validation error when passwords don't match 1`] = `
Object {
  "contentId": "8c0cc624-2e97-471d-ad36-6b695f9a038d",
  "taxonomyLevel1": "authentication",
  "taxonomyLevel2": "create account",
}
`;
