// Jest Snapshot v1, https://goo.gl/fbAQLP

exports[`Integration:: enter mfa following a validation error it should not include link to change security codes where account recovery is not permitted 1`] = `
Object {
  "contentId": "19601dd7-be55-4ab6-aa44-a6358c4239dc",
  "taxonomyLevel1": "authentication",
  "taxonomyLevel2": "sign in",
  "taxonomyLevel3": "",
  "taxonomyLevel4": "",
  "taxonomyLevel5": "",
}
`;

exports[`Integration:: enter mfa should return check your phone page with sign in analytics properties 1`] = `
Object {
  "contentId": "19601dd7-be55-4ab6-aa44-a6358c4239dc",
  "taxonomyLevel1": "authentication",
  "taxonomyLevel2": "sign in",
  "taxonomyLevel3": "",
  "taxonomyLevel4": "",
  "taxonomyLevel5": "",
}
`;

exports[`Integration:: enter mfa should return error when csrf not present 1`] = `
Object {
  "contentId": undefined,
  "taxonomyLevel1": undefined,
  "taxonomyLevel2": undefined,
  "taxonomyLevel3": undefined,
  "taxonomyLevel4": undefined,
  "taxonomyLevel5": undefined,
}
`;

exports[`Integration:: enter mfa should return validation error when code entered contains letters 1`] = `
Object {
  "contentId": "19601dd7-be55-4ab6-aa44-a6358c4239dc",
  "taxonomyLevel1": "authentication",
  "taxonomyLevel2": "sign in",
  "taxonomyLevel3": "",
  "taxonomyLevel4": "",
  "taxonomyLevel5": "",
}
`;

exports[`Integration:: enter mfa should return validation error when code is greater than 6 characters 1`] = `
Object {
  "contentId": "19601dd7-be55-4ab6-aa44-a6358c4239dc",
  "taxonomyLevel1": "authentication",
  "taxonomyLevel2": "sign in",
  "taxonomyLevel3": "",
  "taxonomyLevel4": "",
  "taxonomyLevel5": "",
}
`;

exports[`Integration:: enter mfa should return validation error when code is less than 6 characters 1`] = `
Object {
  "contentId": "19601dd7-be55-4ab6-aa44-a6358c4239dc",
  "taxonomyLevel1": "authentication",
  "taxonomyLevel2": "sign in",
  "taxonomyLevel3": "",
  "taxonomyLevel4": "",
  "taxonomyLevel5": "",
}
`;

exports[`Integration:: enter mfa should return validation error when code not entered 1`] = `
Object {
  "contentId": "19601dd7-be55-4ab6-aa44-a6358c4239dc",
  "taxonomyLevel1": "authentication",
  "taxonomyLevel2": "sign in",
  "taxonomyLevel3": "",
  "taxonomyLevel4": "",
  "taxonomyLevel5": "",
}
`;

exports[`Integration:: enter mfa should return validation error when incorrect code entered 1`] = `
Object {
  "contentId": "19601dd7-be55-4ab6-aa44-a6358c4239dc",
  "taxonomyLevel1": "authentication",
  "taxonomyLevel2": "sign in",
  "taxonomyLevel3": "",
  "taxonomyLevel4": "",
  "taxonomyLevel5": "",
}
`;
