// Jest Snapshot v1, https://goo.gl/fbAQLP

exports[`Integration::reset password check email  should return reset password check email page 1`] = `
Object {
  "contentId": "b78d016b-0f2c-4599-9c2f-76b3a6397997",
  "taxonomyLevel1": "authentication",
  "taxonomyLevel2": "account recovery",
}
`;
